// Jest Snapshot v1, https://goo.gl/fbAQLP

exports[`complicated_description complicated_description 1`] = `
"<p><a href="https://mock.com/DIYgod/RSSHub"></a><img src="https://mock.com/DIYgod/RSSHub.jpg" alt="" referrerpolicy="no-referrer"> <a href="http://mock.com/DIYgod/RSSHub"></a><img src="https://mock.com/DIYgod/RSSHub.jpg" alt="" referrerpolicy="no-referrer">    <img src="http://mock.com/DIYgod/DIYgod/RSSHub" alt="" referrerpolicy="no-referrer"> <img src="https://mock.com/DIYgod/RSSHub.jpg" alt="" referrerpolicy="no-referrer"></p>
"
`;

exports[`complicated_description complicated_description 2`] = `
"<p><a href="https://mock.com/DIYgod/RSSHub"></a><img src="https://mock.com/DIYgod/RSSHub.jpg" alt="" referrerpolicy="no-referrer"></p>
"
`;
